ARM Linker, RVCT4.0 [Build 524] for uVision [Standard]

==============================================================================

Section Cross References

    main.o(.text) refers to init.o(.text) for SystemInit
    main.o(.text) refers to stm32f10x_rcc.o(.text) for RCC_AHBPeriphClockCmd
    main.o(.text) refers to lcd.o(.text) for LCD_Setup
    main.o(.text) refers to jack2.o(.text) for HomePage_Disp
    main.o(.text) refers to main.o(.data) for GlobalStateFlag
    main.o(.text) refers to picture1.o(.constdata) for gImage_picture1
    stm32f10x_it.o(.text) refers to stm32f10x_exti.o(.text) for EXTI_GetITStatus
    stm32f10x_it.o(.text) refers to jack2.o(.text) for ChuPing_IT
    lcd.o(.text) refers to stm32f10x_rcc.o(.text) for RCC_APB2PeriphClockCmd
    lcd.o(.text) refers to stm32f10x_gpio.o(.text) for GPIO_Init
    lcd.o(.text) refers to lcd.o(.data) for .data
    jack2.o(.text) refers to lcd.o(.text) for LCD_WriteReg
    jack2.o(.text) refers to jack2.o(.constdata) for ShuMaXiangKuang_32
    jack2.o(.text) refers to dong.o(.text) for XiaoGuo_10
    jack2.o(.text) refers to main.o(.data) for Pic_Addr
    init.o(.text) refers to stm32f10x_fsmc.o(.text) for FSMC_NORSRAMInit
    init.o(.text) refers to stm32f10x_nvic.o(.text) for NVIC_PriorityGroupConfig
    init.o(.text) refers to stm32f10x_gpio.o(.text) for GPIO_EXTILineConfig
    init.o(.text) refers to stm32f10x_exti.o(.text) for EXTI_ClearITPendingBit
    init.o(.text) refers to stm32f10x_rcc.o(.text) for RCC_APB2PeriphClockCmd
    init.o(.text) refers to stm32f10x_spi.o(.text) for SPI_Init
    dong.o(.text) refers to lcd.o(.text) for LCD_WriteRAM
    dong.o(.text) refers to picture1.o(.constdata) for gImage_picture1
    dong.o(.text) refers to picture2.o(.constdata) for gImage_picture2
    dong.o(.text) refers to picture3.o(.constdata) for gImage_picture3
    stm32f10x_vector.o(STACK) refers (Special) to heapauxi.o(.text) for __use_two_region_memory
    stm32f10x_vector.o(HEAP) refers (Special) to heapauxi.o(.text) for __use_two_region_memory
    stm32f10x_vector.o(RESET) refers (Special) to heapauxi.o(.text) for __use_two_region_memory
    stm32f10x_vector.o(RESET) refers to stm32f10x_vector.o(STACK) for __initial_sp
    stm32f10x_vector.o(RESET) refers to stm32f10x_vector.o(.text) for Reset_Handler
    stm32f10x_vector.o(RESET) refers to stm32f10x_it.o(.text) for NMIException
    stm32f10x_vector.o(.text) refers (Special) to heapauxi.o(.text) for __use_two_region_memory
    stm32f10x_vector.o(.text) refers to __main.o(!!!main) for __main
    stm32f10x_vector.o(.text) refers to stm32f10x_vector.o(HEAP) for Heap_Mem
    stm32f10x_vector.o(.text) refers to stm32f10x_vector.o(STACK) for Stack_Mem
    stm32f10x_adc.o(.text) refers to stm32f10x_rcc.o(.text) for RCC_APB2PeriphResetCmd
    stm32f10x_bkp.o(.text) refers to stm32f10x_rcc.o(.text) for RCC_BackupResetCmd
    stm32f10x_can.o(.text) refers to stm32f10x_rcc.o(.text) for RCC_APB1PeriphResetCmd
    stm32f10x_dac.o(.text) refers to stm32f10x_rcc.o(.text) for RCC_APB1PeriphResetCmd
    stm32f10x_gpio.o(.text) refers to stm32f10x_rcc.o(.text) for RCC_APB2PeriphResetCmd
    stm32f10x_i2c.o(.text) refers to stm32f10x_rcc.o(.text) for RCC_APB1PeriphResetCmd
    stm32f10x_nvic.o(.text) refers to cortexm3_macro.o(.text) for __SETPRIMASK
    stm32f10x_pwr.o(.text) refers to stm32f10x_rcc.o(.text) for RCC_APB1PeriphResetCmd
    stm32f10x_pwr.o(.text) refers to cortexm3_macro.o(.text) for __WFI
    stm32f10x_rcc.o(.text) refers to stm32f10x_rcc.o(.data) for .data
    stm32f10x_rcc.o(.text) refers to stm32f10x_rcc.o(.constdata) for .constdata
    stm32f10x_spi.o(.text) refers to stm32f10x_rcc.o(.text) for RCC_APB2PeriphResetCmd
    stm32f10x_tim.o(.text) refers to stm32f10x_rcc.o(.text) for RCC_APB2PeriphResetCmd
    stm32f10x_usart.o(.text) refers to stm32f10x_rcc.o(.text) for RCC_APB2PeriphResetCmd
    stm32f10x_wwdg.o(.text) refers to stm32f10x_rcc.o(.text) for RCC_APB1PeriphResetCmd
    __main.o(!!!main) refers to rtentry.o(.ARM.Collect$$rtentry$$00000000) for __rt_entry
    rtentry.o(.ARM.Collect$$rtentry$$00000000) refers (Special) to rtentry2.o(.ARM.Collect$$rtentry$$0000000A) for __rt_entry_li
    rtentry.o(.ARM.Collect$$rtentry$$00000000) refers (Special) to rtentry2.o(.ARM.Collect$$rtentry$$0000000D) for __rt_entry_main
    rtentry.o(.ARM.Collect$$rtentry$$00000000) refers (Special) to rtentry2.o(.ARM.Collect$$rtentry$$0000000C) for __rt_entry_postli_1
    rtentry.o(.ARM.Collect$$rtentry$$00000000) refers (Special) to rtentry2.o(.ARM.Collect$$rtentry$$00000009) for __rt_entry_postsh_1
    rtentry.o(.ARM.Collect$$rtentry$$00000000) refers (Special) to rtentry2.o(.ARM.Collect$$rtentry$$00000002) for __rt_entry_presh_1
    rtentry.o(.ARM.Collect$$rtentry$$00000000) refers (Special) to rtentry4.o(.ARM.Collect$$rtentry$$00000004) for __rt_entry_sh
    rtentry.o(.ARM.exidx) refers (Special) to rtentry2.o(.ARM.Collect$$rtentry$$0000000A) for __rt_entry_li
    rtentry.o(.ARM.exidx) refers (Special) to rtentry2.o(.ARM.Collect$$rtentry$$0000000D) for __rt_entry_main
    rtentry.o(.ARM.exidx) refers (Special) to rtentry2.o(.ARM.Collect$$rtentry$$0000000C) for __rt_entry_postli_1
    rtentry.o(.ARM.exidx) refers (Special) to rtentry2.o(.ARM.Collect$$rtentry$$00000009) for __rt_entry_postsh_1
    rtentry.o(.ARM.exidx) refers (Special) to rtentry2.o(.ARM.Collect$$rtentry$$00000002) for __rt_entry_presh_1
    rtentry.o(.ARM.exidx) refers (Special) to rtentry4.o(.ARM.Collect$$rtentry$$00000004) for __rt_entry_sh
    rtentry.o(.ARM.exidx) refers to rtentry.o(.ARM.Collect$$rtentry$$00000000) for .ARM.Collect$$rtentry$$00000000
    rtentry2.o(.ARM.Collect$$rtentry$$00000008) refers to boardinit2.o(.text) for _platform_post_stackheap_init
    rtentry2.o(.ARM.Collect$$rtentry$$0000000A) refers to libinit.o(.ARM.Collect$$libinit$$00000000) for __rt_lib_init
    rtentry2.o(.ARM.Collect$$rtentry$$0000000B) refers to boardinit3.o(.text) for _platform_post_lib_init
    rtentry2.o(.ARM.Collect$$rtentry$$0000000D) refers to main.o(.text) for main
    rtentry2.o(.ARM.Collect$$rtentry$$0000000D) refers to exit.o(.text) for exit
    rtentry2.o(.ARM.exidx) refers to rtentry2.o(.ARM.Collect$$rtentry$$00000001) for .ARM.Collect$$rtentry$$00000001
    rtentry2.o(.ARM.exidx) refers to rtentry2.o(.ARM.Collect$$rtentry$$00000002) for .ARM.Collect$$rtentry$$00000002
    rtentry2.o(.ARM.exidx) refers to rtentry2.o(.ARM.Collect$$rtentry$$00000008) for .ARM.Collect$$rtentry$$00000008
    rtentry2.o(.ARM.exidx) refers to rtentry2.o(.ARM.Collect$$rtentry$$00000009) for .ARM.Collect$$rtentry$$00000009
    rtentry2.o(.ARM.exidx) refers to rtentry2.o(.ARM.Collect$$rtentry$$0000000A) for .ARM.Collect$$rtentry$$0000000A
    rtentry2.o(.ARM.exidx) refers to rtentry2.o(.ARM.Collect$$rtentry$$0000000B) for .ARM.Collect$$rtentry$$0000000B
    rtentry2.o(.ARM.exidx) refers to rtentry2.o(.ARM.Collect$$rtentry$$0000000C) for .ARM.Collect$$rtentry$$0000000C
    rtentry2.o(.ARM.exidx) refers to rtentry2.o(.ARM.Collect$$rtentry$$0000000D) for .ARM.Collect$$rtentry$$0000000D
    rtentry4.o(.ARM.Collect$$rtentry$$00000004) refers to sys_stackheap_outer.o(.text) for __user_setup_stackheap
    rtentry4.o(.ARM.exidx) refers to rtentry4.o(.ARM.Collect$$rtentry$$00000004) for .ARM.Collect$$rtentry$$00000004
    sys_stackheap_outer.o(.text) refers to libspace.o(.text) for __user_perproc_libspace
    sys_stackheap_outer.o(.text) refers to stm32f10x_vector.o(.text) for __user_initial_stackheap
    exit.o(.text) refers to rtexit.o(.ARM.Collect$$rtexit$$00000000) for __rt_exit
    libinit.o(.ARM.Collect$$libinit$$00000000) refers (Special) to libinit2.o(.ARM.Collect$$libinit$$0000002A) for __rt_lib_init_alloca_1
    libinit.o(.ARM.Collect$$libinit$$00000000) refers (Special) to libinit2.o(.ARM.Collect$$libinit$$00000028) for __rt_lib_init_argv_1
    libinit.o(.ARM.Collect$$libinit$$00000000) refers (Special) to libinit2.o(.ARM.Collect$$libinit$$00000017) for __rt_lib_init_atexit_1
    libinit.o(.ARM.Collect$$libinit$$00000000) refers (Special) to libinit2.o(.ARM.Collect$$libinit$$0000001D) for __rt_lib_init_clock_1
    libinit.o(.ARM.Collect$$libinit$$00000000) refers (Special) to libinit2.o(.ARM.Collect$$libinit$$0000002E) for __rt_lib_init_cpp_1
    libinit.o(.ARM.Collect$$libinit$$00000000) refers (Special) to libinit2.o(.ARM.Collect$$libinit$$0000002C) for __rt_lib_init_exceptions_1
    libinit.o(.ARM.Collect$$libinit$$00000000) refers (Special) to libinit2.o(.ARM.Collect$$libinit$$0000001B) for __rt_lib_init_fp_trap_1
    libinit.o(.ARM.Collect$$libinit$$00000000) refers (Special) to libinit2.o(.ARM.Collect$$libinit$$0000001F) for __rt_lib_init_getenv_1
    libinit.o(.ARM.Collect$$libinit$$00000000) refers (Special) to libinit2.o(.ARM.Collect$$libinit$$00000006) for __rt_lib_init_heap_1
    libinit.o(.ARM.Collect$$libinit$$00000000) refers (Special) to libinit2.o(.ARM.Collect$$libinit$$0000000D) for __rt_lib_init_lc_collate_1
    libinit.o(.ARM.Collect$$libinit$$00000000) refers (Special) to libinit2.o(.ARM.Collect$$libinit$$0000000F) for __rt_lib_init_lc_ctype_1
    libinit.o(.ARM.Collect$$libinit$$00000000) refers (Special) to libinit2.o(.ARM.Collect$$libinit$$00000011) for __rt_lib_init_lc_monetary_1
    libinit.o(.ARM.Collect$$libinit$$00000000) refers (Special) to libinit2.o(.ARM.Collect$$libinit$$00000013) for __rt_lib_init_lc_numeric_1
    libinit.o(.ARM.Collect$$libinit$$00000000) refers (Special) to libinit2.o(.ARM.Collect$$libinit$$00000015) for __rt_lib_init_lc_time_1
    libinit.o(.ARM.Collect$$libinit$$00000000) refers (Special) to libinit2.o(.ARM.Collect$$libinit$$0000000A) for __rt_lib_init_rand_1
    libinit.o(.ARM.Collect$$libinit$$00000000) refers (Special) to libinit2.o(.ARM.Collect$$libinit$$0000002F) for __rt_lib_init_return
    libinit.o(.ARM.Collect$$libinit$$00000000) refers (Special) to libinit2.o(.ARM.Collect$$libinit$$00000019) for __rt_lib_init_signal_1
    libinit.o(.ARM.Collect$$libinit$$00000000) refers (Special) to libinit2.o(.ARM.Collect$$libinit$$00000021) for __rt_lib_init_stdio_1
    libinit.o(.ARM.Collect$$libinit$$00000000) refers (Special) to libinit2.o(.ARM.Collect$$libinit$$00000008) for __rt_lib_init_user_alloc_1
    libspace.o(.text) refers to libspace.o(.bss) for __libspace_start
    rtexit.o(.ARM.Collect$$rtexit$$00000000) refers (Special) to rtexit2.o(.ARM.Collect$$rtexit$$00000004) for __rt_exit_exit
    rtexit.o(.ARM.Collect$$rtexit$$00000000) refers (Special) to rtexit2.o(.ARM.Collect$$rtexit$$00000003) for __rt_exit_ls
    rtexit.o(.ARM.Collect$$rtexit$$00000000) refers (Special) to rtexit2.o(.ARM.Collect$$rtexit$$00000002) for __rt_exit_prels_1
    rtexit.o(.ARM.exidx) refers (Special) to rtexit2.o(.ARM.Collect$$rtexit$$00000004) for __rt_exit_exit
    rtexit.o(.ARM.exidx) refers (Special) to rtexit2.o(.ARM.Collect$$rtexit$$00000003) for __rt_exit_ls
    rtexit.o(.ARM.exidx) refers (Special) to rtexit2.o(.ARM.Collect$$rtexit$$00000002) for __rt_exit_prels_1
    rtexit.o(.ARM.exidx) refers to rtexit.o(.ARM.Collect$$rtexit$$00000000) for .ARM.Collect$$rtexit$$00000000
    libinit2.o(.ARM.Collect$$libinit$$0000000C) refers to libinit2.o(.ARM.Collect$$libinit$$0000000B) for .ARM.Collect$$libinit$$0000000B
    libinit2.o(.ARM.Collect$$libinit$$0000000E) refers to libinit2.o(.ARM.Collect$$libinit$$0000000B) for .ARM.Collect$$libinit$$0000000B
    libinit2.o(.ARM.Collect$$libinit$$00000010) refers to libinit2.o(.ARM.Collect$$libinit$$0000000B) for .ARM.Collect$$libinit$$0000000B
    libinit2.o(.ARM.Collect$$libinit$$00000012) refers to libinit2.o(.ARM.Collect$$libinit$$0000000B) for .ARM.Collect$$libinit$$0000000B
    libinit2.o(.ARM.Collect$$libinit$$00000014) refers to libinit2.o(.ARM.Collect$$libinit$$0000000B) for .ARM.Collect$$libinit$$0000000B
    libinit2.o(.ARM.Collect$$libinit$$00000022) refers to argv_veneer.o(.emb_text) for __ARM_argv_veneer
    libinit2.o(.ARM.Collect$$libinit$$00000023) refers to argv_veneer.o(.emb_text) for __ARM_argv_veneer
    rtexit2.o(.ARM.Collect$$rtexit$$00000003) refers to libshutdown.o(.ARM.Collect$$libshutdown$$00000000) for __rt_lib_shutdown
    rtexit2.o(.ARM.Collect$$rtexit$$00000004) refers to sys_exit.o(.text) for _sys_exit
    rtexit2.o(.ARM.exidx) refers to rtexit2.o(.ARM.Collect$$rtexit$$00000001) for .ARM.Collect$$rtexit$$00000001
    rtexit2.o(.ARM.exidx) refers to rtexit2.o(.ARM.Collect$$rtexit$$00000002) for .ARM.Collect$$rtexit$$00000002
    rtexit2.o(.ARM.exidx) refers to rtexit2.o(.ARM.Collect$$rtexit$$00000003) for .ARM.Collect$$rtexit$$00000003
    rtexit2.o(.ARM.exidx) refers to rtexit2.o(.ARM.Collect$$rtexit$$00000004) for .ARM.Collect$$rtexit$$00000004
    argv_veneer.o(.emb_text) refers to no_argv.o(.text) for __ARM_get_argv
    sys_exit.o(.text) refers to use_no_semi.o(.text) for __I$use$semihosting
    _get_argv_nomalloc.o(.text) refers (Special) to hrguard.o(.text) for __heap_region$guard
    _get_argv_nomalloc.o(.text) refers to defsig_rtmem_outer.o(.text) for __rt_SIGRTMEM
    _get_argv_nomalloc.o(.text) refers to sys_command.o(.text) for _sys_command_string
    libshutdown.o(.ARM.Collect$$libshutdown$$00000000) refers (Special) to libshutdown2.o(.ARM.Collect$$libshutdown$$00000006) for __rt_lib_shutdown_fp_trap_1
    libshutdown.o(.ARM.Collect$$libshutdown$$00000000) refers (Special) to libshutdown2.o(.ARM.Collect$$libshutdown$$0000000E) for __rt_lib_shutdown_heap_1
    libshutdown.o(.ARM.Collect$$libshutdown$$00000000) refers (Special) to libshutdown2.o(.ARM.Collect$$libshutdown$$0000000F) for __rt_lib_shutdown_return
    libshutdown.o(.ARM.Collect$$libshutdown$$00000000) refers (Special) to libshutdown2.o(.ARM.Collect$$libshutdown$$00000009) for __rt_lib_shutdown_signal_1
    libshutdown.o(.ARM.Collect$$libshutdown$$00000000) refers (Special) to libshutdown2.o(.ARM.Collect$$libshutdown$$00000003) for __rt_lib_shutdown_stdio_1
    libshutdown.o(.ARM.Collect$$libshutdown$$00000000) refers (Special) to libshutdown2.o(.ARM.Collect$$libshutdown$$0000000B) for __rt_lib_shutdown_user_alloc_1
    sys_command.o(.text) refers (Special) to use_no_semi.o(.text) for __I$use$semihosting
    defsig_rtmem_outer.o(.text) refers to defsig_rtmem_inner.o(.text) for __rt_SIGRTMEM_inner
    defsig_rtmem_outer.o(.text) refers to defsig_exit.o(.text) for __sig_exit
    defsig_rtmem_formal.o(.text) refers to rt_raise.o(.text) for __rt_raise
    rt_raise.o(.text) refers to __raise.o(.text) for __raise
    rt_raise.o(.text) refers to sys_exit.o(.text) for _sys_exit
    defsig_exit.o(.text) refers to sys_exit.o(.text) for _sys_exit
    defsig_rtmem_inner.o(.text) refers to defsig_general.o(.text) for __default_signal_display
    __raise.o(.text) refers to defsig.o(CL$$defsig) for __default_signal_handler
    defsig_general.o(.text) refers to sys_wrch.o(.text) for _ttywrch
    sys_wrch.o(.text) refers (Special) to use_no_semi.o(.text) for __I$use$semihosting
    defsig.o(CL$$defsig) refers to defsig_rtmem_inner.o(.text) for __rt_SIGRTMEM_inner
    defsig_abrt_inner.o(.text) refers to defsig_general.o(.text) for __default_signal_display
    defsig_fpe_inner.o(.text) refers to defsig_general.o(.text) for __default_signal_display
    defsig_rtred_inner.o(.text) refers to defsig_general.o(.text) for __default_signal_display
    defsig_stak_inner.o(.text) refers to defsig_general.o(.text) for __default_signal_display
    defsig_pvfn_inner.o(.text) refers to defsig_general.o(.text) for __default_signal_display
    defsig_cppl_inner.o(.text) refers to defsig_general.o(.text) for __default_signal_display
    defsig_segv_inner.o(.text) refers to defsig_general.o(.text) for __default_signal_display
    defsig_other.o(.text) refers to defsig_general.o(.text) for __default_signal_display


==============================================================================

Removing Unused input sections from the image.

    Removing picture4.o(.constdata), (153600 bytes).
    Removing stm32f10x_adc.o(.text), (1058 bytes).
    Removing stm32f10x_bkp.o(.text), (172 bytes).
    Removing stm32f10x_can.o(.text), (2156 bytes).
    Removing stm32f10x_crc.o(.text), (72 bytes).
    Removing stm32f10x_dac.o(.text), (356 bytes).
    Removing stm32f10x_dbgmcu.o(.text), (48 bytes).
    Removing stm32f10x_dma.o(.text), (592 bytes).
    Removing stm32f10x_flash.o(.text), (72 bytes).
    Removing stm32f10x_i2c.o(.text), (1068 bytes).
    Removing stm32f10x_iwdg.o(.text), (64 bytes).
    Removing stm32f10x_pwr.o(.text), (204 bytes).
    Removing stm32f10x_rtc.o(.text), (356 bytes).
    Removing stm32f10x_sdio.o(.text), (456 bytes).
    Removing stm32f10x_systick.o(.text), (194 bytes).
    Removing stm32f10x_tim.o(.text), (2814 bytes).
    Removing stm32f10x_usart.o(.text), (880 bytes).
    Removing stm32f10x_wwdg.o(.text), (132 bytes).

18 unused section(s) (total 164294 bytes) removed from the image.

==============================================================================

Image Symbol Table

    Local Symbols

    Symbol Name                              Value     Ov Type        Size  Object(Section)

    ../../angel/boardlib.s                   0x00000000   Number         0  boardinit2.o ABSOLUTE
    ../../angel/boardlib.s                   0x00000000   Number         0  boardinit3.o ABSOLUTE
    ../../angel/boardlib.s                   0x00000000   Number         0  boardinit1.o ABSOLUTE
    ../../angel/boardlib.s                   0x00000000   Number         0  boardshut.o ABSOLUTE
    ../../angel/handlers.s                   0x00000000   Number         0  __scatter_copy.o ABSOLUTE
    ../../angel/handlers.s                   0x00000000   Number         0  __scatter_zi.o ABSOLUTE
    ../../angel/kernel.s                     0x00000000   Number         0  rtentry2.o ABSOLUTE
    ../../angel/kernel.s                     0x00000000   Number         0  rtentry.o ABSOLUTE
    ../../angel/kernel.s                     0x00000000   Number         0  rtexit.o ABSOLUTE
    ../../angel/kernel.s                     0x00000000   Number         0  rtexit2.o ABSOLUTE
    ../../angel/kernel.s                     0x00000000   Number         0  rtentry4.o ABSOLUTE
    ../../angel/rt.s                         0x00000000   Number         0  rt_raise.o ABSOLUTE
    ../../angel/scatter.s                    0x00000000   Number         0  __scatter.o ABSOLUTE
    ../../angel/startup.s                    0x00000000   Number         0  __main.o ABSOLUTE
    ../../angel/sys.s                        0x00000000   Number         0  sys_exit.o ABSOLUTE
    ../../angel/sys.s                        0x00000000   Number         0  libspace.o ABSOLUTE
    ../../angel/sys.s                        0x00000000   Number         0  use_no_semi.o ABSOLUTE
    ../../angel/sys.s                        0x00000000   Number         0  sys_stackheap_outer.o ABSOLUTE
    ../../angel/sysapp.c                     0x00000000   Number         0  sys_command.o ABSOLUTE
    ../../angel/sysapp.c                     0x00000000   Number         0  sys_wrch.o ABSOLUTE
    ../../armsys.c                           0x00000000   Number         0  _get_argv_nomalloc.o ABSOLUTE
    ../../armsys.c                           0x00000000   Number         0  no_argv.o ABSOLUTE
    ../../armsys.c                           0x00000000   Number         0  argv_veneer.o ABSOLUTE
    ../../armsys.c                           0x00000000   Number         0  argv_veneer.o ABSOLUTE
    ../../fpinit.s                           0x00000000   Number         0  fpinit.o ABSOLUTE
    ../../heapalloc.c                        0x00000000   Number         0  hrguard.o ABSOLUTE
    ../../heapaux.c                          0x00000000   Number         0  heapauxi.o ABSOLUTE
    ../../libinit.s                          0x00000000   Number         0  libshutdown2.o ABSOLUTE
    ../../libinit.s                          0x00000000   Number         0  libshutdown.o ABSOLUTE
    ../../libinit.s                          0x00000000   Number         0  libinit.o ABSOLUTE
    ../../libinit.s                          0x00000000   Number         0  libinit2.o ABSOLUTE
    ../../signal.c                           0x00000000   Number         0  defsig_rtmem_formal.o ABSOLUTE
    ../../signal.c                           0x00000000   Number         0  defsig_rtmem_outer.o ABSOLUTE
    ../../signal.c                           0x00000000   Number         0  __raise.o ABSOLUTE
    ../../signal.c                           0x00000000   Number         0  defsig_general.o ABSOLUTE
    ../../signal.c                           0x00000000   Number         0  defsig_abrt_inner.o ABSOLUTE
    ../../signal.c                           0x00000000   Number         0  defsig_rtmem_inner.o ABSOLUTE
    ../../signal.c                           0x00000000   Number         0  defsig_fpe_inner.o ABSOLUTE
    ../../signal.c                           0x00000000   Number         0  defsig_stak_inner.o ABSOLUTE
    ../../signal.c                           0x00000000   Number         0  defsig_pvfn_inner.o ABSOLUTE
    ../../signal.c                           0x00000000   Number         0  defsig_cppl_inner.o ABSOLUTE
    ../../signal.c                           0x00000000   Number         0  defsig_rtred_inner.o ABSOLUTE
    ../../signal.c                           0x00000000   Number         0  defsig_segv_inner.o ABSOLUTE
    ../../signal.c                           0x00000000   Number         0  defsig_other.o ABSOLUTE
    ../../signal.c                           0x00000000   Number         0  defsig_exit.o ABSOLUTE
    ../../signal.s                           0x00000000   Number         0  defsig.o ABSOLUTE
    ../../stdlib.c                           0x00000000   Number         0  exit.o ABSOLUTE
    Core\cortexm3_macro.s                    0x00000000   Number         0  cortexm3_macro.o ABSOLUTE
    Core\stm32f10x_vector.s                  0x00000000   Number         0  stm32f10x_vector.o ABSOLUTE
    FWLib\src\stm32f10x_adc.c                0x00000000   Number         0  stm32f10x_adc.o ABSOLUTE
    FWLib\src\stm32f10x_bkp.c                0x00000000   Number         0  stm32f10x_bkp.o ABSOLUTE
    FWLib\src\stm32f10x_can.c                0x00000000   Number         0  stm32f10x_can.o ABSOLUTE
    FWLib\src\stm32f10x_crc.c                0x00000000   Number         0  stm32f10x_crc.o ABSOLUTE
    FWLib\src\stm32f10x_dac.c                0x00000000   Number         0  stm32f10x_dac.o ABSOLUTE
    FWLib\src\stm32f10x_dbgmcu.c             0x00000000   Number         0  stm32f10x_dbgmcu.o ABSOLUTE
    FWLib\src\stm32f10x_dma.c                0x00000000   Number         0  stm32f10x_dma.o ABSOLUTE
    FWLib\src\stm32f10x_exti.c               0x00000000   Number         0  stm32f10x_exti.o ABSOLUTE
    FWLib\src\stm32f10x_flash.c              0x00000000   Number         0  stm32f10x_flash.o ABSOLUTE
    FWLib\src\stm32f10x_fsmc.c               0x00000000   Number         0  stm32f10x_fsmc.o ABSOLUTE
    FWLib\src\stm32f10x_gpio.c               0x00000000   Number         0  stm32f10x_gpio.o ABSOLUTE
    FWLib\src\stm32f10x_i2c.c                0x00000000   Number         0  stm32f10x_i2c.o ABSOLUTE
    FWLib\src\stm32f10x_iwdg.c               0x00000000   Number         0  stm32f10x_iwdg.o ABSOLUTE
    FWLib\src\stm32f10x_lib.c                0x00000000   Number         0  stm32f10x_lib.o ABSOLUTE
    FWLib\src\stm32f10x_nvic.c               0x00000000   Number         0  stm32f10x_nvic.o ABSOLUTE
    FWLib\src\stm32f10x_pwr.c                0x00000000   Number         0  stm32f10x_pwr.o ABSOLUTE
    FWLib\src\stm32f10x_rcc.c                0x00000000   Number         0  stm32f10x_rcc.o ABSOLUTE
    FWLib\src\stm32f10x_rtc.c                0x00000000   Number         0  stm32f10x_rtc.o ABSOLUTE
    FWLib\src\stm32f10x_sdio.c               0x00000000   Number         0  stm32f10x_sdio.o ABSOLUTE
    FWLib\src\stm32f10x_spi.c                0x00000000   Number         0  stm32f10x_spi.o ABSOLUTE
    FWLib\src\stm32f10x_systick.c            0x00000000   Number         0  stm32f10x_systick.o ABSOLUTE
    FWLib\src\stm32f10x_tim.c                0x00000000   Number         0  stm32f10x_tim.o ABSOLUTE
    FWLib\src\stm32f10x_usart.c              0x00000000   Number         0  stm32f10x_usart.o ABSOLUTE
    FWLib\src\stm32f10x_wwdg.c               0x00000000   Number         0  stm32f10x_wwdg.o ABSOLUTE
    User\INIT.c                              0x00000000   Number         0  init.o ABSOLUTE
    User\dong.c                              0x00000000   Number         0  dong.o ABSOLUTE
    User\jack2.c                             0x00000000   Number         0  jack2.o ABSOLUTE
    User\lcd.c                               0x00000000   Number         0  lcd.o ABSOLUTE
    User\main.c                              0x00000000   Number         0  main.o ABSOLUTE
    User\picture1.c                          0x00000000   Number         0  picture1.o ABSOLUTE
    User\picture2.c                          0x00000000   Number         0  picture2.o ABSOLUTE
    User\picture3.c                          0x00000000   Number         0  picture3.o ABSOLUTE
    User\picture4.c                          0x00000000   Number         0  picture4.o ABSOLUTE
    User\stm32f10x_it.c                      0x00000000   Number         0  stm32f10x_it.o ABSOLUTE
    dc.s                                     0x00000000   Number         0  dc.o ABSOLUTE
    RESET                                    0x08000000   Section      304  stm32f10x_vector.o(RESET)
    !!!main                                  0x08000130   Section        8  __main.o(!!!main)
    !!!scatter                               0x08000138   Section       52  __scatter.o(!!!scatter)
    !!handler_copy                           0x0800016c   Section       26  __scatter_copy.o(!!handler_copy)
    !!handler_zi                             0x08000188   Section       28  __scatter_zi.o(!!handler_zi)
    .ARM.Collect$$libinit$$00000000          0x080001a4   Section        6  libinit.o(.ARM.Collect$$libinit$$00000000)
    .ARM.Collect$$libinit$$00000006          0x080001aa   Section        0  libinit2.o(.ARM.Collect$$libinit$$00000006)
    .ARM.Collect$$libinit$$00000008          0x080001aa   Section        0  libinit2.o(.ARM.Collect$$libinit$$00000008)
    .ARM.Collect$$libinit$$0000000A          0x080001aa   Section        0  libinit2.o(.ARM.Collect$$libinit$$0000000A)
    .ARM.Collect$$libinit$$0000000D          0x080001aa   Section        0  libinit2.o(.ARM.Collect$$libinit$$0000000D)
    .ARM.Collect$$libinit$$0000000F          0x080001aa   Section        0  libinit2.o(.ARM.Collect$$libinit$$0000000F)
    .ARM.Collect$$libinit$$00000011          0x080001aa   Section        0  libinit2.o(.ARM.Collect$$libinit$$00000011)
    .ARM.Collect$$libinit$$00000013          0x080001aa   Section        0  libinit2.o(.ARM.Collect$$libinit$$00000013)
    .ARM.Collect$$libinit$$00000015          0x080001aa   Section        0  libinit2.o(.ARM.Collect$$libinit$$00000015)
    .ARM.Collect$$libinit$$00000017          0x080001aa   Section        0  libinit2.o(.ARM.Collect$$libinit$$00000017)
    .ARM.Collect$$libinit$$00000019          0x080001aa   Section        0  libinit2.o(.ARM.Collect$$libinit$$00000019)
    .ARM.Collect$$libinit$$0000001B          0x080001aa   Section        0  libinit2.o(.ARM.Collect$$libinit$$0000001B)
    .ARM.Collect$$libinit$$0000001D          0x080001aa   Section        0  libinit2.o(.ARM.Collect$$libinit$$0000001D)
    .ARM.Collect$$libinit$$0000001F          0x080001aa   Section        0  libinit2.o(.ARM.Collect$$libinit$$0000001F)
    .ARM.Collect$$libinit$$00000021          0x080001aa   Section        0  libinit2.o(.ARM.Collect$$libinit$$00000021)
    .ARM.Collect$$libinit$$00000028          0x080001aa   Section        0  libinit2.o(.ARM.Collect$$libinit$$00000028)
    .ARM.Collect$$libinit$$0000002A          0x080001aa   Section        0  libinit2.o(.ARM.Collect$$libinit$$0000002A)
    .ARM.Collect$$libinit$$0000002C          0x080001aa   Section        0  libinit2.o(.ARM.Collect$$libinit$$0000002C)
    .ARM.Collect$$libinit$$0000002E          0x080001aa   Section        0  libinit2.o(.ARM.Collect$$libinit$$0000002E)
    .ARM.Collect$$libinit$$0000002F          0x080001aa   Section        2  libinit2.o(.ARM.Collect$$libinit$$0000002F)
    .ARM.Collect$$libshutdown$$00000000      0x080001ac   Section        2  libshutdown.o(.ARM.Collect$$libshutdown$$00000000)
    .ARM.Collect$$libshutdown$$00000003      0x080001ae   Section        0  libshutdown2.o(.ARM.Collect$$libshutdown$$00000003)
    .ARM.Collect$$libshutdown$$00000006      0x080001ae   Section        0  libshutdown2.o(.ARM.Collect$$libshutdown$$00000006)
    .ARM.Collect$$libshutdown$$00000009      0x080001ae   Section        0  libshutdown2.o(.ARM.Collect$$libshutdown$$00000009)
    .ARM.Collect$$libshutdown$$0000000B      0x080001ae   Section        0  libshutdown2.o(.ARM.Collect$$libshutdown$$0000000B)
    .ARM.Collect$$libshutdown$$0000000E      0x080001ae   Section        0  libshutdown2.o(.ARM.Collect$$libshutdown$$0000000E)
    .ARM.Collect$$libshutdown$$0000000F      0x080001ae   Section        2  libshutdown2.o(.ARM.Collect$$libshutdown$$0000000F)
    .ARM.Collect$$rtentry$$00000000          0x080001b0   Section        0  rtentry.o(.ARM.Collect$$rtentry$$00000000)
    .ARM.Collect$$rtentry$$00000002          0x080001b0   Section        0  rtentry2.o(.ARM.Collect$$rtentry$$00000002)
    .ARM.Collect$$rtentry$$00000004          0x080001b0   Section        6  rtentry4.o(.ARM.Collect$$rtentry$$00000004)
    .ARM.Collect$$rtentry$$00000009          0x080001b6   Section        0  rtentry2.o(.ARM.Collect$$rtentry$$00000009)
    .ARM.Collect$$rtentry$$0000000A          0x080001b6   Section        4  rtentry2.o(.ARM.Collect$$rtentry$$0000000A)
    .ARM.Collect$$rtentry$$0000000C          0x080001ba   Section        0  rtentry2.o(.ARM.Collect$$rtentry$$0000000C)
    .ARM.Collect$$rtentry$$0000000D          0x080001ba   Section        8  rtentry2.o(.ARM.Collect$$rtentry$$0000000D)
    .ARM.Collect$$rtexit$$00000000           0x080001c2   Section        0  rtexit.o(.ARM.Collect$$rtexit$$00000000)
    .ARM.Collect$$rtexit$$00000002           0x080001c2   Section        0  rtexit2.o(.ARM.Collect$$rtexit$$00000002)
    .ARM.Collect$$rtexit$$00000003           0x080001c2   Section        4  rtexit2.o(.ARM.Collect$$rtexit$$00000003)
    .ARM.Collect$$rtexit$$00000004           0x080001c6   Section        4  rtexit2.o(.ARM.Collect$$rtexit$$00000004)
    .text                                    0x080001cc   Section       76  main.o(.text)
    .text                                    0x08000218   Section      244  stm32f10x_it.o(.text)
    Delay                                    0x08000219   Thumb Code    10  stm32f10x_it.o(.text)
    .text                                    0x0800030c   Section     2244  lcd.o(.text)
    Delay                                    0x08000331   Thumb Code    10  lcd.o(.text)
    StrLength                                0x0800033b   Thumb Code    20  lcd.o(.text)
    .text                                    0x08000bd0   Section     2824  jack2.o(.text)
    Delay                                    0x08000bd1   Thumb Code    10  jack2.o(.text)
    .text                                    0x080016d8   Section      544  init.o(.text)
    SetSysClock                              0x080016d9   Thumb Code     2  init.o(.text)
    .text                                    0x080018f8   Section     2900  dong.o(.text)
    .text                                    0x0800244c   Section      122  cortexm3_macro.o(.text)
    .text                                    0x080024c8   Section       36  stm32f10x_vector.o(.text)
    .text                                    0x080024ec   Section      336  stm32f10x_exti.o(.text)
    .text                                    0x0800263c   Section     1556  stm32f10x_fsmc.o(.text)
    .text                                    0x08002c50   Section      792  stm32f10x_gpio.o(.text)
    .text                                    0x08002f68   Section     1004  stm32f10x_nvic.o(.text)
    .text                                    0x08003354   Section      928  stm32f10x_rcc.o(.text)
    .text                                    0x080036f4   Section      824  stm32f10x_spi.o(.text)
    .text                                    0x08003a2c   Section        6  heapauxi.o(.text)
    .text                                    0x08003a32   Section       74  sys_stackheap_outer.o(.text)
    .text                                    0x08003a7c   Section       12  exit.o(.text)
    .text                                    0x08003a88   Section        8  libspace.o(.text)
    .text                                    0x08003a90   Section       20  sys_exit.o(.text)
    .text                                    0x08003aa4   Section        2  use_no_semi.o(.text)
    .constdata                               0x08003aa6   Section     2712  jack2.o(.constdata)
    .constdata                               0x0800453e   Section    153600  picture3.o(.constdata)
    .constdata                               0x08029d3e   Section    153600  picture1.o(.constdata)
    .constdata                               0x0804f53e   Section    153600  picture2.o(.constdata)
    .constdata                               0x08074d3e   Section       20  stm32f10x_rcc.o(.constdata)
    APBAHBPrescTable                         0x08074d3e   Data          16  stm32f10x_rcc.o(.constdata)
    ADCPrescTable                            0x08074d4e   Data           4  stm32f10x_rcc.o(.constdata)
    .data                                    0x20000000   Section       12  main.o(.data)
    .data                                    0x2000000c   Section        4  lcd.o(.data)
    TextColor                                0x2000000c   Data           2  lcd.o(.data)
    BackColor                                0x2000000e   Data           2  lcd.o(.data)
    .data                                    0x20000010   Section        5  stm32f10x_rcc.o(.data)
    StartUpCounter                           0x20000010   Data           4  stm32f10x_rcc.o(.data)
    HSEStatus                                0x20000014   Data           1  stm32f10x_rcc.o(.data)
    .bss                                     0x20000018   Section       96  libspace.o(.bss)
    HEAP                                     0x20000078   Section     1024  stm32f10x_vector.o(HEAP)
    Heap_Mem                                 0x20000078   Data        1024  stm32f10x_vector.o(HEAP)
    STACK                                    0x20000478   Section     1024  stm32f10x_vector.o(STACK)
    Stack_Mem                                0x20000478   Data        1024  stm32f10x_vector.o(STACK)
    __initial_sp                             0x20000878   Data           0  stm32f10x_vector.o(STACK)

    Global Symbols

    Symbol Name                              Value     Ov Type        Size  Object(Section)

    BuildAttributes$$THM_ISAv4$P$D$K$B$S$PE$A:L22UL41UL21$X:L11$S22US41US21$IEEE1$IW$USESV6$~STKCKD$USESV7$~SHL$OSPACE$ROPI$EBA8$UX$STANDARDLIB$REQ8$PRES8$EABIv2 0x00000000   Number         0  anon$$obj.o ABSOLUTE
    __ARM_use_no_argv                        0x00000000   Number         0  main.o ABSOLUTE
    __ARM_exceptions_init                     - Undefined Weak Reference
    __alloca_initialize                       - Undefined Weak Reference
    __cpp_initialize__aeabi_                  - Undefined Weak Reference
    __cxa_finalize                            - Undefined Weak Reference
    __rt_locale                               - Undefined Weak Reference
    __sigvec_lookup                           - Undefined Weak Reference
    _atexit_init                              - Undefined Weak Reference
    _call_atexit_fns                          - Undefined Weak Reference
    _clock_init                               - Undefined Weak Reference
    _fp_trap_init                             - Undefined Weak Reference
    _fp_trap_shutdown                         - Undefined Weak Reference
    _get_lc_collate                           - Undefined Weak Reference
    _get_lc_ctype                             - Undefined Weak Reference
    _get_lc_monetary                          - Undefined Weak Reference
    _get_lc_numeric                           - Undefined Weak Reference
    _get_lc_time                              - Undefined Weak Reference
    _getenv_init                              - Undefined Weak Reference
    _handle_redirection                       - Undefined Weak Reference
    _init_alloc                               - Undefined Weak Reference
    _init_user_alloc                          - Undefined Weak Reference
    _initio                                   - Undefined Weak Reference
    _rand_init                                - Undefined Weak Reference
    _signal_finish                            - Undefined Weak Reference
    _signal_init                              - Undefined Weak Reference
    _terminate_alloc                          - Undefined Weak Reference
    _terminate_user_alloc                     - Undefined Weak Reference
    _terminateio                              - Undefined Weak Reference
    __Vectors                                0x08000000   Data           4  stm32f10x_vector.o(RESET)
    __main                                   0x08000131   Thumb Code     8  __main.o(!!!main)
    __scatterload                            0x08000139   Thumb Code     0  __scatter.o(!!!scatter)
    __scatterload_rt2                        0x08000139   Thumb Code    44  __scatter.o(!!!scatter)
    __scatterload_rt2_thumb_only             0x08000139   Thumb Code     0  __scatter.o(!!!scatter)
    __scatterload_null                       0x08000147   Thumb Code     0  __scatter.o(!!!scatter)
    __scatterload_copy                       0x0800016d   Thumb Code    26  __scatter_copy.o(!!handler_copy)
    __scatterload_zeroinit                   0x08000189   Thumb Code    28  __scatter_zi.o(!!handler_zi)
    __rt_lib_init                            0x080001a5   Thumb Code     0  libinit.o(.ARM.Collect$$libinit$$00000000)
    __rt_lib_init_alloca_1                   0x080001ab   Thumb Code     0  libinit2.o(.ARM.Collect$$libinit$$0000002A)
    __rt_lib_init_argv_1                     0x080001ab   Thumb Code     0  libinit2.o(.ARM.Collect$$libinit$$00000028)
    __rt_lib_init_atexit_1                   0x080001ab   Thumb Code     0  libinit2.o(.ARM.Collect$$libinit$$00000017)
    __rt_lib_init_clock_1                    0x080001ab   Thumb Code     0  libinit2.o(.ARM.Collect$$libinit$$0000001D)
    __rt_lib_init_cpp_1                      0x080001ab   Thumb Code     0  libinit2.o(.ARM.Collect$$libinit$$0000002E)
    __rt_lib_init_exceptions_1               0x080001ab   Thumb Code     0  libinit2.o(.ARM.Collect$$libinit$$0000002C)
    __rt_lib_init_fp_trap_1                  0x080001ab   Thumb Code     0  libinit2.o(.ARM.Collect$$libinit$$0000001B)
    __rt_lib_init_getenv_1                   0x080001ab   Thumb Code     0  libinit2.o(.ARM.Collect$$libinit$$0000001F)
    __rt_lib_init_heap_1                     0x080001ab   Thumb Code     0  libinit2.o(.ARM.Collect$$libinit$$00000006)
    __rt_lib_init_lc_collate_1               0x080001ab   Thumb Code     0  libinit2.o(.ARM.Collect$$libinit$$0000000D)
    __rt_lib_init_lc_ctype_1                 0x080001ab   Thumb Code     0  libinit2.o(.ARM.Collect$$libinit$$0000000F)
    __rt_lib_init_lc_monetary_1              0x080001ab   Thumb Code     0  libinit2.o(.ARM.Collect$$libinit$$00000011)
    __rt_lib_init_lc_numeric_1               0x080001ab   Thumb Code     0  libinit2.o(.ARM.Collect$$libinit$$00000013)
    __rt_lib_init_lc_time_1                  0x080001ab   Thumb Code     0  libinit2.o(.ARM.Collect$$libinit$$00000015)
    __rt_lib_init_rand_1                     0x080001ab   Thumb Code     0  libinit2.o(.ARM.Collect$$libinit$$0000000A)
    __rt_lib_init_return                     0x080001ab   Thumb Code     0  libinit2.o(.ARM.Collect$$libinit$$0000002F)
    __rt_lib_init_signal_1                   0x080001ab   Thumb Code     0  libinit2.o(.ARM.Collect$$libinit$$00000019)
    __rt_lib_init_stdio_1                    0x080001ab   Thumb Code     0  libinit2.o(.ARM.Collect$$libinit$$00000021)
    __rt_lib_init_user_alloc_1               0x080001ab   Thumb Code     0  libinit2.o(.ARM.Collect$$libinit$$00000008)
    __rt_lib_shutdown                        0x080001ad   Thumb Code     0  libshutdown.o(.ARM.Collect$$libshutdown$$00000000)
    __rt_lib_shutdown_fp_trap_1              0x080001af   Thumb Code     0  libshutdown2.o(.ARM.Collect$$libshutdown$$00000006)
    __rt_lib_shutdown_heap_1                 0x080001af   Thumb Code     0  libshutdown2.o(.ARM.Collect$$libshutdown$$0000000E)
    __rt_lib_shutdown_return                 0x080001af   Thumb Code     0  libshutdown2.o(.ARM.Collect$$libshutdown$$0000000F)
    __rt_lib_shutdown_signal_1               0x080001af   Thumb Code     0  libshutdown2.o(.ARM.Collect$$libshutdown$$00000009)
    __rt_lib_shutdown_stdio_1                0x080001af   Thumb Code     0  libshutdown2.o(.ARM.Collect$$libshutdown$$00000003)
    __rt_lib_shutdown_user_alloc_1           0x080001af   Thumb Code     0  libshutdown2.o(.ARM.Collect$$libshutdown$$0000000B)
    __rt_entry                               0x080001b1   Thumb Code     0  rtentry.o(.ARM.Collect$$rtentry$$00000000)
    __rt_entry_presh_1                       0x080001b1   Thumb Code     0  rtentry2.o(.ARM.Collect$$rtentry$$00000002)
    __rt_entry_sh                            0x080001b1   Thumb Code     0  rtentry4.o(.ARM.Collect$$rtentry$$00000004)
    __rt_entry_li                            0x080001b7   Thumb Code     0  rtentry2.o(.ARM.Collect$$rtentry$$0000000A)
    __rt_entry_postsh_1                      0x080001b7   Thumb Code     0  rtentry2.o(.ARM.Collect$$rtentry$$00000009)
    __rt_entry_main                          0x080001bb   Thumb Code     0  rtentry2.o(.ARM.Collect$$rtentry$$0000000D)
    __rt_entry_postli_1                      0x080001bb   Thumb Code     0  rtentry2.o(.ARM.Collect$$rtentry$$0000000C)
    __rt_exit                                0x080001c3   Thumb Code     0  rtexit.o(.ARM.Collect$$rtexit$$00000000)
    __rt_exit_ls                             0x080001c3   Thumb Code     0  rtexit2.o(.ARM.Collect$$rtexit$$00000003)
    __rt_exit_prels_1                        0x080001c3   Thumb Code     0  rtexit2.o(.ARM.Collect$$rtexit$$00000002)
    __rt_exit_exit                           0x080001c7   Thumb Code     0  rtexit2.o(.ARM.Collect$$rtexit$$00000004)
    main                                     0x080001cd   Thumb Code    60  main.o(.text)
    EXTI9_5_IRQHandler                       0x08000223   Thumb Code    28  stm32f10x_it.o(.text)
    EXTI2_IRQHandler                         0x0800023f   Thumb Code    28  stm32f10x_it.o(.text)
    EXTI3_IRQHandler                         0x0800025b   Thumb Code    28  stm32f10x_it.o(.text)
    NMIException                             0x08000277   Thumb Code     2  stm32f10x_it.o(.text)
    HardFaultException                       0x08000279   Thumb Code     4  stm32f10x_it.o(.text)
    MemManageException                       0x0800027d   Thumb Code     4  stm32f10x_it.o(.text)
    BusFaultException                        0x08000281   Thumb Code     4  stm32f10x_it.o(.text)
    UsageFaultException                      0x08000285   Thumb Code     4  stm32f10x_it.o(.text)
    DebugMonitor                             0x08000289   Thumb Code     2  stm32f10x_it.o(.text)
    SVCHandler                               0x0800028b   Thumb Code     2  stm32f10x_it.o(.text)
    PendSVC                                  0x0800028d   Thumb Code     2  stm32f10x_it.o(.text)
    SysTickHandler                           0x0800028f   Thumb Code     2  stm32f10x_it.o(.text)
    WWDG_IRQHandler                          0x08000291   Thumb Code     2  stm32f10x_it.o(.text)
    PVD_IRQHandler                           0x08000293   Thumb Code     2  stm32f10x_it.o(.text)
    TAMPER_IRQHandler                        0x08000295   Thumb Code     2  stm32f10x_it.o(.text)
    RTC_IRQHandler                           0x08000297   Thumb Code     2  stm32f10x_it.o(.text)
    FLASH_IRQHandler                         0x08000299   Thumb Code     2  stm32f10x_it.o(.text)
    RCC_IRQHandler                           0x0800029b   Thumb Code     2  stm32f10x_it.o(.text)
    EXTI0_IRQHandler                         0x0800029d   Thumb Code     2  stm32f10x_it.o(.text)
    EXTI1_IRQHandler                         0x0800029f   Thumb Code     2  stm32f10x_it.o(.text)
    EXTI4_IRQHandler                         0x080002a1   Thumb Code     2  stm32f10x_it.o(.text)
    DMA1_Channel1_IRQHandler                 0x080002a3   Thumb Code     2  stm32f10x_it.o(.text)
    DMA1_Channel2_IRQHandler                 0x080002a5   Thumb Code     2  stm32f10x_it.o(.text)
    DMA1_Channel3_IRQHandler                 0x080002a7   Thumb Code     2  stm32f10x_it.o(.text)
    DMA1_Channel4_IRQHandler                 0x080002a9   Thumb Code     2  stm32f10x_it.o(.text)
    DMA1_Channel5_IRQHandler                 0x080002ab   Thumb Code     2  stm32f10x_it.o(.text)
    DMA1_Channel6_IRQHandler                 0x080002ad   Thumb Code     2  stm32f10x_it.o(.text)
    DMA1_Channel7_IRQHandler                 0x080002af   Thumb Code     2  stm32f10x_it.o(.text)
    ADC1_2_IRQHandler                        0x080002b1   Thumb Code     2  stm32f10x_it.o(.text)
    USB_HP_CAN_TX_IRQHandler                 0x080002b3   Thumb Code     2  stm32f10x_it.o(.text)
    USB_LP_CAN_RX0_IRQHandler                0x080002b5   Thumb Code     2  stm32f10x_it.o(.text)
    CAN_RX1_IRQHandler                       0x080002b7   Thumb Code     2  stm32f10x_it.o(.text)
    CAN_SCE_IRQHandler                       0x080002b9   Thumb Code     2  stm32f10x_it.o(.text)
    TIM1_BRK_IRQHandler                      0x080002bb   Thumb Code     2  stm32f10x_it.o(.text)
    TIM1_UP_IRQHandler                       0x080002bd   Thumb Code     2  stm32f10x_it.o(.text)
    TIM1_TRG_COM_IRQHandler                  0x080002bf   Thumb Code     2  stm32f10x_it.o(.text)
    TIM1_CC_IRQHandler                       0x080002c1   Thumb Code     2  stm32f10x_it.o(.text)
    TIM2_IRQHandler                          0x080002c3   Thumb Code     2  stm32f10x_it.o(.text)
    TIM3_IRQHandler                          0x080002c5   Thumb Code     2  stm32f10x_it.o(.text)
    TIM4_IRQHandler                          0x080002c7   Thumb Code     2  stm32f10x_it.o(.text)
    I2C1_EV_IRQHandler                       0x080002c9   Thumb Code     2  stm32f10x_it.o(.text)
    I2C1_ER_IRQHandler                       0x080002cb   Thumb Code     2  stm32f10x_it.o(.text)
    I2C2_EV_IRQHandler                       0x080002cd   Thumb Code     2  stm32f10x_it.o(.text)
    I2C2_ER_IRQHandler                       0x080002cf   Thumb Code     2  stm32f10x_it.o(.text)
    SPI1_IRQHandler                          0x080002d1   Thumb Code     2  stm32f10x_it.o(.text)
    SPI2_IRQHandler                          0x080002d3   Thumb Code     2  stm32f10x_it.o(.text)
    USART1_IRQHandler                        0x080002d5   Thumb Code     2  stm32f10x_it.o(.text)
    USART2_IRQHandler                        0x080002d7   Thumb Code     2  stm32f10x_it.o(.text)
    USART3_IRQHandler                        0x080002d9   Thumb Code     2  stm32f10x_it.o(.text)
    EXTI15_10_IRQHandler                     0x080002db   Thumb Code     2  stm32f10x_it.o(.text)
    RTCAlarm_IRQHandler                      0x080002dd   Thumb Code     2  stm32f10x_it.o(.text)
    USBWakeUp_IRQHandler                     0x080002df   Thumb Code     2  stm32f10x_it.o(.text)
    TIM8_BRK_IRQHandler                      0x080002e1   Thumb Code     2  stm32f10x_it.o(.text)
    TIM8_UP_IRQHandler                       0x080002e3   Thumb Code     2  stm32f10x_it.o(.text)
    TIM8_TRG_COM_IRQHandler                  0x080002e5   Thumb Code     2  stm32f10x_it.o(.text)
    TIM8_CC_IRQHandler                       0x080002e7   Thumb Code     2  stm32f10x_it.o(.text)
    ADC3_IRQHandler                          0x080002e9   Thumb Code     2  stm32f10x_it.o(.text)
    FSMC_IRQHandler                          0x080002eb   Thumb Code     2  stm32f10x_it.o(.text)
    SDIO_IRQHandler                          0x080002ed   Thumb Code     2  stm32f10x_it.o(.text)
    TIM5_IRQHandler                          0x080002ef   Thumb Code     2  stm32f10x_it.o(.text)
    SPI3_IRQHandler                          0x080002f1   Thumb Code     2  stm32f10x_it.o(.text)
    UART4_IRQHandler                         0x080002f3   Thumb Code     2  stm32f10x_it.o(.text)
    UART5_IRQHandler                         0x080002f5   Thumb Code     2  stm32f10x_it.o(.text)
    TIM6_IRQHandler                          0x080002f7   Thumb Code     2  stm32f10x_it.o(.text)
    TIM7_IRQHandler                          0x080002f9   Thumb Code     2  stm32f10x_it.o(.text)
    DMA2_Channel1_IRQHandler                 0x080002fb   Thumb Code     2  stm32f10x_it.o(.text)
    DMA2_Channel2_IRQHandler                 0x080002fd   Thumb Code     2  stm32f10x_it.o(.text)
    DMA2_Channel3_IRQHandler                 0x080002ff   Thumb Code     2  stm32f10x_it.o(.text)
    DMA2_Channel4_5_IRQHandler               0x08000301   Thumb Code     2  stm32f10x_it.o(.text)
    LCD_WriteRAM                             0x0800030d   Thumb Code     6  lcd.o(.text)
    LCD_WriteIndex                           0x08000313   Thumb Code     8  lcd.o(.text)
    LCD_WriteReg                             0x0800031b   Thumb Code    12  lcd.o(.text)
    LCD_WriteRAM_Prepare                     0x08000327   Thumb Code    10  lcd.o(.text)
    LCD_CtrlLinesConfig                      0x0800034f   Thumb Code   258  lcd.o(.text)
    LCD_Setup                                0x08000451   Thumb Code   546  lcd.o(.text)
    LCD_SetTextColor                         0x08000673   Thumb Code     6  lcd.o(.text)
    LCD_SetBackColor                         0x08000679   Thumb Code     8  lcd.o(.text)
    LCD_DisplayChar                          0x08000681   Thumb Code     8  lcd.o(.text)
    LCD_DisplayStringLine                    0x08000689   Thumb Code    58  lcd.o(.text)
    LCD_ClearLine                            0x080006c3   Thumb Code    14  lcd.o(.text)
    LCD_SetCursor                            0x080006d1   Thumb Code    24  lcd.o(.text)
    LCD_Clear                                0x080006e9   Thumb Code   102  lcd.o(.text)
    LCD_DrawChar                             0x0800074f   Thumb Code   118  lcd.o(.text)
    LCD_DisplayString                        0x080007c5   Thumb Code   188  lcd.o(.text)
    LCD_SetDisplayWindow                     0x08000881   Thumb Code    56  lcd.o(.text)
    LCD_WindowModeDisable                    0x080008b9   Thumb Code    18  lcd.o(.text)
    LCD_WriteRAMWord                         0x080008cb   Thumb Code    22  lcd.o(.text)
    LCD_DrawLine                             0x080008e1   Thumb Code    96  lcd.o(.text)
    LCD_DrawRect                             0x08000941   Thumb Code    66  lcd.o(.text)
    LCD_DrawRectFill                         0x08000983   Thumb Code    82  lcd.o(.text)
    LCD_DrawCircle                           0x080009d5   Thumb Code   246  lcd.o(.text)
    LCD_DrawMonoPict                         0x08000acb   Thumb Code    74  lcd.o(.text)
    LCD_PowerOn                              0x08000b15   Thumb Code     2  lcd.o(.text)
    LCD_DisplayOn                            0x08000b17   Thumb Code     2  lcd.o(.text)
    LCD_DisplayOff                           0x08000b19   Thumb Code     2  lcd.o(.text)
    address_set                              0x08000b1b   Thumb Code    98  lcd.o(.text)
    test                                     0x08000b7d   Thumb Code     2  lcd.o(.text)
    test2                                    0x08000b7f   Thumb Code     2  lcd.o(.text)
    test1                                    0x08000b81   Thumb Code     2  lcd.o(.text)
    ili9320_DrawPicture                      0x08000b83   Thumb Code    78  lcd.o(.text)
    SetPoint                                 0x08000bdb   Thumb Code    38  jack2.o(.text)
    DispHanZi_32                             0x08000c01   Thumb Code   172  jack2.o(.text)
    DispHanZi_24                             0x08000cad   Thumb Code   152  jack2.o(.text)
    HomePage_Disp                            0x08000d45   Thumb Code   384  jack2.o(.text)
    Draw_Bottom                              0x08000ec5   Thumb Code   196  jack2.o(.text)
    XuanZhongXianShi                         0x08000f89   Thumb Code   858  jack2.o(.text)
    Draw_Menu                                0x080012e3   Thumb Code   406  jack2.o(.text)
    Menu_1                                   0x08001479   Thumb Code     2  jack2.o(.text)
    Menu_2                                   0x0800147b   Thumb Code    28  jack2.o(.text)
    Menu_3                                   0x08001497   Thumb Code    28  jack2.o(.text)
    Menu_4                                   0x080014b3   Thumb Code    28  jack2.o(.text)
    Menu_5                                   0x080014cf   Thumb Code    34  jack2.o(.text)
    ChuPing_IT                               0x080014f1   Thumb Code   292  jack2.o(.text)
    ZuoJian_IT                               0x08001615   Thumb Code   142  jack2.o(.text)
    YouJian_IT                               0x080016a3   Thumb Code    36  jack2.o(.text)
    SystemInit                               0x080016db   Thumb Code    68  init.o(.text)
    FSMC_LCD_Init                            0x0800171f   Thumb Code    92  init.o(.text)
    NVIC_Configuration                       0x0800177b   Thumb Code   110  init.o(.text)
    EXTI_Config                              0x080017e9   Thumb Code    96  init.o(.text)
    SPI_Flash_Init                           0x08001849   Thumb Code   156  init.o(.text)
    Delay1                                   0x080018f9   Thumb Code    10  dong.o(.text)
    Delay_long                               0x08001903   Thumb Code    30  dong.o(.text)
    gImage_Dis                               0x08001921   Thumb Code    38  dong.o(.text)
    XiaoGuo_1                                0x08001947   Thumb Code    58  dong.o(.text)
    XiaoGuo_2                                0x08001981   Thumb Code    58  dong.o(.text)
    XiaoGuo_3                                0x080019bb   Thumb Code   118  dong.o(.text)
    XiaoGuo_4                                0x08001a31   Thumb Code   108  dong.o(.text)
    XiaoGuo_5                                0x08001a9d   Thumb Code   206  dong.o(.text)
    XiaoGuo_6                                0x08001b6b   Thumb Code   306  dong.o(.text)
    XiaoGuo_7                                0x08001c9d   Thumb Code   396  dong.o(.text)
    XiaoGuo_8                                0x08001e29   Thumb Code   126  dong.o(.text)
    XiaoGuo_9                                0x08001ea7   Thumb Code   382  dong.o(.text)
    XiaoGuo_10                               0x08002025   Thumb Code   564  dong.o(.text)
    XiaoGuo_11                               0x08002259   Thumb Code   286  dong.o(.text)
    XiaoGuo_12                               0x08002377   Thumb Code   124  dong.o(.text)
    XiaoGuo_13                               0x080023f3   Thumb Code    76  dong.o(.text)
    __WFI                                    0x0800244d   Thumb Code     0  cortexm3_macro.o(.text)
    __WFE                                    0x08002451   Thumb Code     0  cortexm3_macro.o(.text)
    __SEV                                    0x08002455   Thumb Code     0  cortexm3_macro.o(.text)
    __ISB                                    0x08002459   Thumb Code     0  cortexm3_macro.o(.text)
    __DSB                                    0x0800245f   Thumb Code     0  cortexm3_macro.o(.text)
    __DMB                                    0x08002465   Thumb Code     0  cortexm3_macro.o(.text)
    __SVC                                    0x0800246b   Thumb Code     0  cortexm3_macro.o(.text)
    __MRS_CONTROL                            0x0800246f   Thumb Code     0  cortexm3_macro.o(.text)
    __MSR_CONTROL                            0x08002475   Thumb Code     0  cortexm3_macro.o(.text)
    __MRS_PSP                                0x0800247f   Thumb Code     0  cortexm3_macro.o(.text)
    __MSR_PSP                                0x08002485   Thumb Code     0  cortexm3_macro.o(.text)
    __MRS_MSP                                0x0800248b   Thumb Code     0  cortexm3_macro.o(.text)
    __MSR_MSP                                0x08002491   Thumb Code     0  cortexm3_macro.o(.text)
    __RESETPRIMASK                           0x08002497   Thumb Code     0  cortexm3_macro.o(.text)
    __SETPRIMASK                             0x0800249b   Thumb Code     0  cortexm3_macro.o(.text)
    __READ_PRIMASK                           0x0800249f   Thumb Code     0  cortexm3_macro.o(.text)
    __SETFAULTMASK                           0x080024a5   Thumb Code     0  cortexm3_macro.o(.text)
    __RESETFAULTMASK                         0x080024a9   Thumb Code     0  cortexm3_macro.o(.text)
    __READ_FAULTMASK                         0x080024ad   Thumb Code     0  cortexm3_macro.o(.text)
    __BASEPRICONFIG                          0x080024b3   Thumb Code     0  cortexm3_macro.o(.text)
    __GetBASEPRI                             0x080024b9   Thumb Code     0  cortexm3_macro.o(.text)
    __REV_HalfWord                           0x080024bf   Thumb Code     0  cortexm3_macro.o(.text)
    __REV_Word                               0x080024c3   Thumb Code     0  cortexm3_macro.o(.text)
    Reset_Handler                            0x080024c9   Thumb Code     4  stm32f10x_vector.o(.text)
    __user_initial_stackheap                 0x080024cd   Thumb Code     0  stm32f10x_vector.o(.text)
    EXTI_DeInit                              0x080024ed   Thumb Code    32  stm32f10x_exti.o(.text)
    EXTI_Init                                0x0800250d   Thumb Code   186  stm32f10x_exti.o(.text)
    EXTI_StructInit                          0x080025c7   Thumb Code    16  stm32f10x_exti.o(.text)
    EXTI_GenerateSWInterrupt                 0x080025d7   Thumb Code    16  stm32f10x_exti.o(.text)
    EXTI_GetFlagStatus                       0x080025e7   Thumb Code    22  stm32f10x_exti.o(.text)
    EXTI_ClearFlag                           0x080025fd   Thumb Code     8  stm32f10x_exti.o(.text)
    EXTI_GetITStatus                         0x08002605   Thumb Code    34  stm32f10x_exti.o(.text)
    EXTI_ClearITPendingBit                   0x08002627   Thumb Code     8  stm32f10x_exti.o(.text)
    FSMC_NORSRAMDeInit                       0x0800263d   Thumb Code    56  stm32f10x_fsmc.o(.text)
    FSMC_NANDDeInit                          0x08002675   Thumb Code    62  stm32f10x_fsmc.o(.text)
    FSMC_PCCARDDeInit                        0x080026b3   Thumb Code    36  stm32f10x_fsmc.o(.text)
    FSMC_NORSRAMInit                         0x080026d7   Thumb Code   232  stm32f10x_fsmc.o(.text)
    FSMC_NANDInit                            0x080027bf   Thumb Code   136  stm32f10x_fsmc.o(.text)
    FSMC_PCCARDInit                          0x08002847   Thumb Code   130  stm32f10x_fsmc.o(.text)
    FSMC_NORSRAMStructInit                   0x080028c9   Thumb Code   114  stm32f10x_fsmc.o(.text)
    FSMC_NANDStructInit                      0x0800293b   Thumb Code    56  stm32f10x_fsmc.o(.text)
    FSMC_PCCARDStructInit                    0x08002973   Thumb Code    62  stm32f10x_fsmc.o(.text)
    FSMC_NORSRAMCmd                          0x080029b1   Thumb Code    46  stm32f10x_fsmc.o(.text)
    FSMC_NANDCmd                             0x080029df   Thumb Code    86  stm32f10x_fsmc.o(.text)
    FSMC_PCCARDCmd                           0x08002a35   Thumb Code    44  stm32f10x_fsmc.o(.text)
    FSMC_NANDECCCmd                          0x08002a61   Thumb Code    90  stm32f10x_fsmc.o(.text)
    FSMC_GetECC                              0x08002abb   Thumb Code    24  stm32f10x_fsmc.o(.text)
    FSMC_ITConfig                            0x08002ad3   Thumb Code   128  stm32f10x_fsmc.o(.text)
    FSMC_GetFlagStatus                       0x08002b53   Thumb Code    52  stm32f10x_fsmc.o(.text)
    FSMC_ClearFlag                           0x08002b87   Thumb Code    62  stm32f10x_fsmc.o(.text)
    FSMC_GetITStatus                         0x08002bc5   Thumb Code    64  stm32f10x_fsmc.o(.text)
    FSMC_ClearITPendingBit                   0x08002c05   Thumb Code    68  stm32f10x_fsmc.o(.text)
    GPIO_DeInit                              0x08002c51   Thumb Code   188  stm32f10x_gpio.o(.text)
    GPIO_AFIODeInit                          0x08002d0d   Thumb Code    20  stm32f10x_gpio.o(.text)
    GPIO_Init                                0x08002d21   Thumb Code   266  stm32f10x_gpio.o(.text)
    GPIO_StructInit                          0x08002e2b   Thumb Code    16  stm32f10x_gpio.o(.text)
    GPIO_ReadInputDataBit                    0x08002e3b   Thumb Code    18  stm32f10x_gpio.o(.text)
    GPIO_ReadInputData                       0x08002e4d   Thumb Code     8  stm32f10x_gpio.o(.text)
    GPIO_ReadOutputDataBit                   0x08002e55   Thumb Code    18  stm32f10x_gpio.o(.text)
    GPIO_ReadOutputData                      0x08002e67   Thumb Code     8  stm32f10x_gpio.o(.text)
    GPIO_SetBits                             0x08002e6f   Thumb Code     4  stm32f10x_gpio.o(.text)
    GPIO_ResetBits                           0x08002e73   Thumb Code     4  stm32f10x_gpio.o(.text)
    GPIO_WriteBit                            0x08002e77   Thumb Code    10  stm32f10x_gpio.o(.text)
    GPIO_Write                               0x08002e81   Thumb Code     4  stm32f10x_gpio.o(.text)
    GPIO_PinLockConfig                       0x08002e85   Thumb Code    18  stm32f10x_gpio.o(.text)
    GPIO_EventOutputConfig                   0x08002e97   Thumb Code    24  stm32f10x_gpio.o(.text)
    GPIO_EventOutputCmd                      0x08002eaf   Thumb Code     6  stm32f10x_gpio.o(.text)
    GPIO_PinRemapConfig                      0x08002eb5   Thumb Code   104  stm32f10x_gpio.o(.text)
    GPIO_EXTILineConfig                      0x08002f1d   Thumb Code    60  stm32f10x_gpio.o(.text)
    NVIC_DeInit                              0x08002f69   Thumb Code    54  stm32f10x_nvic.o(.text)
    NVIC_SCBDeInit                           0x08002f9f   Thumb Code    92  stm32f10x_nvic.o(.text)
    NVIC_PriorityGroupConfig                 0x08002ffb   Thumb Code    12  stm32f10x_nvic.o(.text)
    NVIC_Init                                0x08003007   Thumb Code   154  stm32f10x_nvic.o(.text)
    NVIC_StructInit                          0x080030a1   Thumb Code    12  stm32f10x_nvic.o(.text)
    NVIC_SETPRIMASK                          0x080030ad   Thumb Code     8  stm32f10x_nvic.o(.text)
    NVIC_RESETPRIMASK                        0x080030b5   Thumb Code     8  stm32f10x_nvic.o(.text)
    NVIC_SETFAULTMASK                        0x080030bd   Thumb Code     8  stm32f10x_nvic.o(.text)
    NVIC_RESETFAULTMASK                      0x080030c5   Thumb Code     8  stm32f10x_nvic.o(.text)
    NVIC_BASEPRICONFIG                       0x080030cd   Thumb Code    12  stm32f10x_nvic.o(.text)
    NVIC_GetBASEPRI                          0x080030d9   Thumb Code     8  stm32f10x_nvic.o(.text)
    NVIC_GetCurrentPendingIRQChannel         0x080030e1   Thumb Code    10  stm32f10x_nvic.o(.text)
    NVIC_GetIRQChannelPendingBitStatus       0x080030eb   Thumb Code    42  stm32f10x_nvic.o(.text)
    NVIC_SetIRQChannelPendingBit             0x08003115   Thumb Code     6  stm32f10x_nvic.o(.text)
    NVIC_ClearIRQChannelPendingBit           0x0800311b   Thumb Code    20  stm32f10x_nvic.o(.text)
    NVIC_GetCurrentActiveHandler             0x0800312f   Thumb Code    10  stm32f10x_nvic.o(.text)
    NVIC_GetIRQChannelActiveBitStatus        0x08003139   Thumb Code    42  stm32f10x_nvic.o(.text)
    NVIC_GetCPUID                            0x08003163   Thumb Code     8  stm32f10x_nvic.o(.text)
    NVIC_SetVectorTable                      0x0800316b   Thumb Code    14  stm32f10x_nvic.o(.text)
    NVIC_GenerateSystemReset                 0x08003179   Thumb Code    12  stm32f10x_nvic.o(.text)
    NVIC_GenerateCoreReset                   0x08003185   Thumb Code    12  stm32f10x_nvic.o(.text)
    NVIC_SystemLPConfig                      0x08003191   Thumb Code    38  stm32f10x_nvic.o(.text)
    NVIC_SystemHandlerConfig                 0x080031b7   Thumb Code    52  stm32f10x_nvic.o(.text)
    NVIC_SystemHandlerPriorityConfig         0x080031eb   Thumb Code    98  stm32f10x_nvic.o(.text)
    NVIC_GetSystemHandlerPendingBitStatus    0x0800324d   Thumb Code    44  stm32f10x_nvic.o(.text)
    NVIC_SetSystemHandlerPendingBit          0x08003279   Thumb Code    26  stm32f10x_nvic.o(.text)
    NVIC_ClearSystemHandlerPendingBit        0x08003293   Thumb Code    30  stm32f10x_nvic.o(.text)
    NVIC_GetSystemHandlerActiveBitStatus     0x080032b1   Thumb Code    42  stm32f10x_nvic.o(.text)
    NVIC_GetFaultHandlerSources              0x080032db   Thumb Code    66  stm32f10x_nvic.o(.text)
    NVIC_GetFaultAddress                     0x0800331d   Thumb Code    28  stm32f10x_nvic.o(.text)
    RCC_DeInit                               0x08003355   Thumb Code    62  stm32f10x_rcc.o(.text)
    RCC_HSEConfig                            0x08003393   Thumb Code    70  stm32f10x_rcc.o(.text)
    RCC_GetFlagStatus                        0x080033d9   Thumb Code    56  stm32f10x_rcc.o(.text)
    RCC_WaitForHSEStartUp                    0x08003411   Thumb Code    62  stm32f10x_rcc.o(.text)
    RCC_AdjustHSICalibrationValue            0x0800344f   Thumb Code    18  stm32f10x_rcc.o(.text)
    RCC_HSICmd                               0x08003461   Thumb Code     6  stm32f10x_rcc.o(.text)
    RCC_PLLConfig                            0x08003467   Thumb Code    22  stm32f10x_rcc.o(.text)
    RCC_PLLCmd                               0x0800347d   Thumb Code     6  stm32f10x_rcc.o(.text)
    RCC_SYSCLKConfig                         0x08003483   Thumb Code    16  stm32f10x_rcc.o(.text)
    RCC_GetSYSCLKSource                      0x08003493   Thumb Code    10  stm32f10x_rcc.o(.text)
    RCC_HCLKConfig                           0x0800349d   Thumb Code    16  stm32f10x_rcc.o(.text)
    RCC_PCLK1Config                          0x080034ad   Thumb Code    16  stm32f10x_rcc.o(.text)
    RCC_PCLK2Config                          0x080034bd   Thumb Code    18  stm32f10x_rcc.o(.text)
    RCC_ITConfig                             0x080034cf   Thumb Code    30  stm32f10x_rcc.o(.text)
    RCC_USBCLKConfig                         0x080034ed   Thumb Code     8  stm32f10x_rcc.o(.text)
    RCC_ADCCLKConfig                         0x080034f5   Thumb Code    16  stm32f10x_rcc.o(.text)
    RCC_LSEConfig                            0x08003505   Thumb Code    50  stm32f10x_rcc.o(.text)
    RCC_LSICmd                               0x08003537   Thumb Code     6  stm32f10x_rcc.o(.text)
    RCC_RTCCLKConfig                         0x0800353d   Thumb Code    12  stm32f10x_rcc.o(.text)
    RCC_RTCCLKCmd                            0x08003549   Thumb Code     8  stm32f10x_rcc.o(.text)
    RCC_GetClocksFreq                        0x08003551   Thumb Code   194  stm32f10x_rcc.o(.text)
    RCC_AHBPeriphClockCmd                    0x08003613   Thumb Code    26  stm32f10x_rcc.o(.text)
    RCC_APB2PeriphClockCmd                   0x0800362d   Thumb Code    26  stm32f10x_rcc.o(.text)
    RCC_APB1PeriphClockCmd                   0x08003647   Thumb Code    26  stm32f10x_rcc.o(.text)
    RCC_APB2PeriphResetCmd                   0x08003661   Thumb Code    26  stm32f10x_rcc.o(.text)
    RCC_APB1PeriphResetCmd                   0x0800367b   Thumb Code    26  stm32f10x_rcc.o(.text)
    RCC_BackupResetCmd                       0x08003695   Thumb Code     8  stm32f10x_rcc.o(.text)
    RCC_ClockSecuritySystemCmd               0x0800369d   Thumb Code     6  stm32f10x_rcc.o(.text)
    RCC_MCOConfig                            0x080036a3   Thumb Code     6  stm32f10x_rcc.o(.text)
    RCC_ClearFlag                            0x080036a9   Thumb Code    14  stm32f10x_rcc.o(.text)
    RCC_GetITStatus                          0x080036b7   Thumb Code    20  stm32f10x_rcc.o(.text)
    RCC_ClearITPendingBit                    0x080036cb   Thumb Code     6  stm32f10x_rcc.o(.text)
    SPI_I2S_DeInit                           0x080036f5   Thumb Code    88  stm32f10x_spi.o(.text)
    SPI_Init                                 0x0800374d   Thumb Code    60  stm32f10x_spi.o(.text)
    I2S_Init                                 0x08003789   Thumb Code   200  stm32f10x_spi.o(.text)
    SPI_StructInit                           0x08003851   Thumb Code    24  stm32f10x_spi.o(.text)
    I2S_StructInit                           0x08003869   Thumb Code    20  stm32f10x_spi.o(.text)
    SPI_Cmd                                  0x0800387d   Thumb Code    24  stm32f10x_spi.o(.text)
    I2S_Cmd                                  0x08003895   Thumb Code    24  stm32f10x_spi.o(.text)
    SPI_I2S_ITConfig                         0x080038ad   Thumb Code    36  stm32f10x_spi.o(.text)
    SPI_I2S_DMACmd                           0x080038d1   Thumb Code    24  stm32f10x_spi.o(.text)
    SPI_I2S_SendData                         0x080038e9   Thumb Code     4  stm32f10x_spi.o(.text)
    SPI_I2S_ReceiveData                      0x080038ed   Thumb Code     6  stm32f10x_spi.o(.text)
    SPI_NSSInternalSoftwareConfig            0x080038f3   Thumb Code    30  stm32f10x_spi.o(.text)
    SPI_SSOutputCmd                          0x08003911   Thumb Code    24  stm32f10x_spi.o(.text)
    SPI_DataSizeConfig                       0x08003929   Thumb Code    18  stm32f10x_spi.o(.text)
    SPI_TransmitCRC                          0x0800393b   Thumb Code    10  stm32f10x_spi.o(.text)
    SPI_CalculateCRC                         0x08003945   Thumb Code    24  stm32f10x_spi.o(.text)
    SPI_GetCRC                               0x0800395d   Thumb Code    16  stm32f10x_spi.o(.text)
    SPI_GetCRCPolynomial                     0x0800396d   Thumb Code     6  stm32f10x_spi.o(.text)
    SPI_BiDirectionalLineConfig              0x08003973   Thumb Code    28  stm32f10x_spi.o(.text)
    SPI_I2S_GetFlagStatus                    0x0800398f   Thumb Code    18  stm32f10x_spi.o(.text)
    SPI_I2S_ClearFlag                        0x080039a1   Thumb Code    34  stm32f10x_spi.o(.text)
    SPI_I2S_GetITStatus                      0x080039c3   Thumb Code    52  stm32f10x_spi.o(.text)
    SPI_I2S_ClearITPendingBit                0x080039f7   Thumb Code    48  stm32f10x_spi.o(.text)
    __use_two_region_memory                  0x08003a2d   Thumb Code     2  heapauxi.o(.text)
    __rt_heap_escrow$2region                 0x08003a2f   Thumb Code     2  heapauxi.o(.text)
    __rt_heap_expand$2region                 0x08003a31   Thumb Code     2  heapauxi.o(.text)
    __user_setup_stackheap                   0x08003a33   Thumb Code    74  sys_stackheap_outer.o(.text)
    exit                                     0x08003a7d   Thumb Code    12  exit.o(.text)
    __user_libspace                          0x08003a89   Thumb Code     8  libspace.o(.text)
    __user_perproc_libspace                  0x08003a89   Thumb Code     0  libspace.o(.text)
    __user_perthread_libspace                0x08003a89   Thumb Code     0  libspace.o(.text)
    _sys_exit                                0x08003a91   Thumb Code    16  sys_exit.o(.text)
    __I$use$semihosting                      0x08003aa5   Thumb Code     0  use_no_semi.o(.text)
    __use_no_semihosting_swi                 0x08003aa5   Thumb Code     2  use_no_semi.o(.text)
    Kong_24                                  0x08003aa6   Data          72  jack2.o(.constdata)
    ShuMaXiangKuang_32                       0x08003aee   Data         512  jack2.o(.constdata)
    Name_24                                  0x08003cee   Data         648  jack2.o(.constdata)
    YanShi_32                                0x08003f76   Data         256  jack2.o(.constdata)
    FanHui_24                                0x08004076   Data         144  jack2.o(.constdata)
    XuanZe_24                                0x08004106   Data         144  jack2.o(.constdata)
    XiangXia_24                              0x08004196   Data         144  jack2.o(.constdata)
    YiErSan_24                               0x08004226   Data         216  jack2.o(.constdata)
    Di_24                                    0x080042fe   Data          72  jack2.o(.constdata)
    QiaoXiao_24                              0x08004346   Data         144  jack2.o(.constdata)
    HuanDengPian_24                          0x080043d6   Data         216  jack2.o(.constdata)
    QueDing_24                               0x080044ae   Data         144  jack2.o(.constdata)
    gImage_picture3                          0x0800453e   Data       153600  picture3.o(.constdata)
    gImage_picture1                          0x08029d3e   Data       153600  picture1.o(.constdata)
    gImage_picture2                          0x0804f53e   Data       153600  picture2.o(.constdata)
    Region$$Table$$Base                      0x08074d54   Number         0  anon$$obj.o(Region$$Table)
    Region$$Table$$Limit                     0x08074d74   Number         0  anon$$obj.o(Region$$Table)
    GlobalStateFlag                          0x20000000   Data           1  main.o(.data)
    MenuFlag                                 0x20000001   Data           1  main.o(.data)
    Pic_Addr                                 0x20000004   Data           4  main.o(.data)
    FirstPic_Store                           0x20000008   Data           4  main.o(.data)
    __libspace_start                         0x20000018   Data          96  libspace.o(.bss)
    __temporary_stack_top$libspace           0x20000078   Data           0  libspace.o(.bss)



==============================================================================

Memory Map of the image

  Image Entry point : 0x08000131

  Load Region LR_IROM1 (Base: 0x08000000, Size: 0x00074d8c, Max: 0x00080000, ABSOLUTE)

    Execution Region ER_IROM1 (Base: 0x08000000, Size: 0x00074d74, Max: 0x00080000, ABSOLUTE)

    Base Addr    Size         Type   Attr      Idx    E Section Name        Object

    0x08000000   0x00000130   Data   RO          225    RESET               stm32f10x_vector.o
    0x08000130   0x00000008   Code   RO          522  * !!!main             __main.o(c_w.l)
    0x08000138   0x00000034   Code   RO          679    !!!scatter          __scatter.o(c_w.l)
    0x0800016c   0x0000001a   Code   RO          681    !!handler_copy      __scatter_copy.o(c_w.l)
    0x08000186   0x00000002   PAD
    0x08000188   0x0000001c   Code   RO          683    !!handler_zi        __scatter_zi.o(c_w.l)
    0x080001a4   0x00000006   Code   RO          554    .ARM.Collect$$libinit$$00000000  libinit.o(c_w.l)
    0x080001aa   0x00000000   Code   RO          562    .ARM.Collect$$libinit$$00000006  libinit2.o(c_w.l)
    0x080001aa   0x00000000   Code   RO          564    .ARM.Collect$$libinit$$00000008  libinit2.o(c_w.l)
    0x080001aa   0x00000000   Code   RO          566    .ARM.Collect$$libinit$$0000000A  libinit2.o(c_w.l)
    0x080001aa   0x00000000   Code   RO          569    .ARM.Collect$$libinit$$0000000D  libinit2.o(c_w.l)
    0x080001aa   0x00000000   Code   RO          571    .ARM.Collect$$libinit$$0000000F  libinit2.o(c_w.l)
    0x080001aa   0x00000000   Code   RO          573    .ARM.Collect$$libinit$$00000011  libinit2.o(c_w.l)
    0x080001aa   0x00000000   Code   RO          575    .ARM.Collect$$libinit$$00000013  libinit2.o(c_w.l)
    0x080001aa   0x00000000   Code   RO          577    .ARM.Collect$$libinit$$00000015  libinit2.o(c_w.l)
    0x080001aa   0x00000000   Code   RO          579    .ARM.Collect$$libinit$$00000017  libinit2.o(c_w.l)
    0x080001aa   0x00000000   Code   RO          581    .ARM.Collect$$libinit$$00000019  libinit2.o(c_w.l)
    0x080001aa   0x00000000   Code   RO          583    .ARM.Collect$$libinit$$0000001B  libinit2.o(c_w.l)
    0x080001aa   0x00000000   Code   RO          585    .ARM.Collect$$libinit$$0000001D  libinit2.o(c_w.l)
    0x080001aa   0x00000000   Code   RO          587    .ARM.Collect$$libinit$$0000001F  libinit2.o(c_w.l)
    0x080001aa   0x00000000   Code   RO          589    .ARM.Collect$$libinit$$00000021  libinit2.o(c_w.l)
    0x080001aa   0x00000000   Code   RO          593    .ARM.Collect$$libinit$$00000028  libinit2.o(c_w.l)
    0x080001aa   0x00000000   Code   RO          595    .ARM.Collect$$libinit$$0000002A  libinit2.o(c_w.l)
    0x080001aa   0x00000000   Code   RO          597    .ARM.Collect$$libinit$$0000002C  libinit2.o(c_w.l)
    0x080001aa   0x00000000   Code   RO          599    .ARM.Collect$$libinit$$0000002E  libinit2.o(c_w.l)
    0x080001aa   0x00000002   Code   RO          600    .ARM.Collect$$libinit$$0000002F  libinit2.o(c_w.l)
    0x080001ac   0x00000002   Code   RO          621    .ARM.Collect$$libshutdown$$00000000  libshutdown.o(c_w.l)
    0x080001ae   0x00000000   Code   RO          634    .ARM.Collect$$libshutdown$$00000003  libshutdown2.o(c_w.l)
    0x080001ae   0x00000000   Code   RO          637    .ARM.Collect$$libshutdown$$00000006  libshutdown2.o(c_w.l)
    0x080001ae   0x00000000   Code   RO          640    .ARM.Collect$$libshutdown$$00000009  libshutdown2.o(c_w.l)
    0x080001ae   0x00000000   Code   RO          642    .ARM.Collect$$libshutdown$$0000000B  libshutdown2.o(c_w.l)
    0x080001ae   0x00000000   Code   RO          645    .ARM.Collect$$libshutdown$$0000000E  libshutdown2.o(c_w.l)
    0x080001ae   0x00000002   Code   RO          646    .ARM.Collect$$libshutdown$$0000000F  libshutdown2.o(c_w.l)
    0x080001b0   0x00000000   Code   RO          524    .ARM.Collect$$rtentry$$00000000  rtentry.o(c_w.l)
    0x080001b0   0x00000000   Code   RO          527    .ARM.Collect$$rtentry$$00000002  rtentry2.o(c_w.l)
    0x080001b0   0x00000006   Code   RO          542    .ARM.Collect$$rtentry$$00000004  rtentry4.o(c_w.l)
    0x080001b6   0x00000000   Code   RO          529    .ARM.Collect$$rtentry$$00000009  rtentry2.o(c_w.l)
    0x080001b6   0x00000004   Code   RO          530    .ARM.Collect$$rtentry$$0000000A  rtentry2.o(c_w.l)
    0x080001ba   0x00000000   Code   RO          532    .ARM.Collect$$rtentry$$0000000C  rtentry2.o(c_w.l)
    0x080001ba   0x00000008   Code   RO          533    .ARM.Collect$$rtentry$$0000000D  rtentry2.o(c_w.l)
    0x080001c2   0x00000000   Code   RO          558    .ARM.Collect$$rtexit$$00000000  rtexit.o(c_w.l)
    0x080001c2   0x00000000   Code   RO          604    .ARM.Collect$$rtexit$$00000002  rtexit2.o(c_w.l)
    0x080001c2   0x00000004   Code   RO          605    .ARM.Collect$$rtexit$$00000003  rtexit2.o(c_w.l)
    0x080001c6   0x00000004   Code   RO          606    .ARM.Collect$$rtexit$$00000004  rtexit2.o(c_w.l)
    0x080001ca   0x00000002   PAD
    0x080001cc   0x0000004c   Code   RO            1    .text               main.o
    0x08000218   0x000000f4   Code   RO          115    .text               stm32f10x_it.o
    0x0800030c   0x000008c4   Code   RO          133    .text               lcd.o
    0x08000bd0   0x00000b08   Code   RO          148    .text               jack2.o
    0x080016d8   0x00000220   Code   RO          167    .text               init.o
    0x080018f8   0x00000b54   Code   RO          207    .text               dong.o
    0x0800244c   0x0000007a   Code   RO          219    .text               cortexm3_macro.o
    0x080024c6   0x00000002   PAD
    0x080024c8   0x00000024   Code   RO          226    .text               stm32f10x_vector.o
    0x080024ec   0x00000150   Code   RO          314    .text               stm32f10x_exti.o
    0x0800263c   0x00000614   Code   RO          338    .text               stm32f10x_fsmc.o
    0x08002c50   0x00000318   Code   RO          350    .text               stm32f10x_gpio.o
    0x08002f68   0x000003ec   Code   RO          395    .text               stm32f10x_nvic.o
    0x08003354   0x000003a0   Code   RO          419    .text               stm32f10x_rcc.o
    0x080036f4   0x00000338   Code   RO          458    .text               stm32f10x_spi.o
    0x08003a2c   0x00000006   Code   RO          520    .text               heapauxi.o(c_w.l)
    0x08003a32   0x0000004a   Code   RO          544    .text               sys_stackheap_outer.o(c_w.l)
    0x08003a7c   0x0000000c   Code   RO          546    .text               exit.o(c_w.l)
    0x08003a88   0x00000008   Code   RO          555    .text               libspace.o(c_w.l)
    0x08003a90   0x00000014   Code   RO          613    .text               sys_exit.o(c_w.l)
    0x08003aa4   0x00000002   Code   RO          624    .text               use_no_semi.o(c_w.l)
    0x08003aa6   0x00000a98   Data   RO          149    .constdata          jack2.o
    0x0800453e   0x00025800   Data   RO          179    .constdata          picture3.o
    0x08029d3e   0x00025800   Data   RO          186    .constdata          picture1.o
    0x0804f53e   0x00025800   Data   RO          193    .constdata          picture2.o
    0x08074d3e   0x00000014   Data   RO          420    .constdata          stm32f10x_rcc.o
    0x08074d52   0x00000002   PAD
    0x08074d54   0x00000020   Data   RO          677    Region$$Table       anon$$obj.o


    Execution Region RW_IRAM1 (Base: 0x20000000, Size: 0x00000878, Max: 0x00010000, ABSOLUTE)

    Base Addr    Size         Type   Attr      Idx    E Section Name        Object

    0x20000000   0x0000000c   Data   RW            2    .data               main.o
    0x2000000c   0x00000004   Data   RW          134    .data               lcd.o
    0x20000010   0x00000005   Data   RW          421    .data               stm32f10x_rcc.o
    0x20000015   0x00000003   PAD
    0x20000018   0x00000060   Zero   RW          556    .bss                libspace.o(c_w.l)
    0x20000078   0x00000400   Zero   RW          224    HEAP                stm32f10x_vector.o
    0x20000478   0x00000400   Zero   RW          223    STACK               stm32f10x_vector.o


==============================================================================

Image component sizes


      Code (inc. data)   RO Data    RW Data    ZI Data      Debug   Object Name

       122          0          0          0          0        320   cortexm3_macro.o
      2900         38          0          0          0       4781   dong.o
       544         20          0          0          0       1493   init.o
      2824        154       2712          0          0       5125   jack2.o
      2244         88          0          4          0       9499   lcd.o
        76         16          0         12          0      55470   main.o
         0          0     153600          0          0        394   picture1.o
         0          0     153600          0          0        394   picture2.o
         0          0     153600          0          0        394   picture3.o
       336         14          0          0          0       2091   stm32f10x_exti.o
      1556         16          0          0          0       5223   stm32f10x_fsmc.o
       792         16          0          0          0       5067   stm32f10x_gpio.o
       244         10          0          0          0       7632   stm32f10x_it.o
      1004         28          0          0          0       7084   stm32f10x_nvic.o
       928         36         20          5          0       8584   stm32f10x_rcc.o
       824          6          0          0          0       6322   stm32f10x_spi.o
        36         22        304          0       2048        296   stm32f10x_vector.o

    ----------------------------------------------------------------------
     14432        464     463870         24       2048     120169   Object Totals
         0          0         32          0          0          0   (incl. Generated)
         2          0          2          3          0          1   (incl. Padding)

    ----------------------------------------------------------------------

      Code (inc. data)   RO Data    RW Data    ZI Data      Debug   Library Member Name

         8          0          0          0          0         68   __main.o
        52          8          0          0          0          0   __scatter.o
        26          0          0          0          0          0   __scatter_copy.o
        28          0          0          0          0          0   __scatter_zi.o
        12          0          0          0          0         68   exit.o
         6          0          0          0          0        148   heapauxi.o
         6          0          0          0          0          0   libinit.o
         2          0          0          0          0          0   libinit2.o
         2          0          0          0          0          0   libshutdown.o
         2          0          0          0          0          0   libshutdown2.o
         8          4          0          0         96         68   libspace.o
         0          0          0          0          0          0   rtentry.o
        12          0          0          0          0          0   rtentry2.o
         6          0          0          0          0          0   rtentry4.o
         0          0          0          0          0          0   rtexit.o
         8          0          0          0          0          0   rtexit2.o
        20         10          0          0          0         68   sys_exit.o
        74          0          0          0          0         80   sys_stackheap_outer.o
         2          0          0          0          0         68   use_no_semi.o

    ----------------------------------------------------------------------
       278         22          0          0         96        568   Library Totals
         4          0          0          0          0          0   (incl. Padding)

    ----------------------------------------------------------------------

      Code (inc. data)   RO Data    RW Data    ZI Data      Debug   Library Name

       274         22          0          0         96        568   c_w.l

    ----------------------------------------------------------------------
       278         22          0          0         96        568   Library Totals

    ----------------------------------------------------------------------

==============================================================================


      Code (inc. data)   RO Data    RW Data    ZI Data      Debug   

     14710        486     463870         24       2144     118988   Grand Totals
     14710        486     463870         24       2144     118988   ELF Image Totals
     14710        486     463870         24          0          0   ROM Totals

==============================================================================

    Total RO  Size (Code + RO Data)               478580 ( 467.36kB)
    Total RW  Size (RW Data + ZI Data)              2168 (   2.12kB)
    Total ROM Size (Code + RO Data + RW Data)     478604 ( 467.39kB)

==============================================================================

